// Jest Snapshot v1, https://goo.gl/fbAQLP

exports[`Storeile Ã§ekilen vuexin renderini test et has the expected html structure 1`] = `
<div>
  <div class="header">
    <div class="kampanyalar"></div>
  </div>
</div>
`;
